// Jest Snapshot v1, https://goo.gl/fbAQLP

exports[`Pruebas en FirstApp debe hacer match con el snapshot 1`] = `
<div>
  <h1
    data-testid="test-title"
  >
    Hola, tengo una sudadera nueva
  </h1>
  <p>
    No hay subtítulo
  </p>
  <p>
    No hay subtítulo
  </p>
  <p>
    Samu
  </p>
</div>
`;
